[2025-11-21 22:11:03,882] [app] [INFO] Running on CPU
[2025-11-21 22:11:03,883] [app] [INFO] Loading suscces model yolov5
[2025-11-21 22:11:07,525] [app] [INFO] -----------  Model Configuration -----------
[2025-11-21 22:11:07,526] [app] [INFO] Model Arch: RCNN
[2025-11-21 22:11:07,526] [app] [INFO] Transform Order: 
[2025-11-21 22:11:07,527] [app] [INFO] --transform op: Resize
[2025-11-21 22:11:07,527] [app] [INFO] --transform op: NormalizeImage
[2025-11-21 22:11:07,527] [app] [INFO] --transform op: Permute
[2025-11-21 22:11:07,527] [app] [INFO] --transform op: PadStride
[2025-11-21 22:11:07,527] [app] [INFO] --------------------------------------------
[2025-11-21 22:11:07,528] [app] [INFO] Loading success RCNN  ....
[2025-11-21 22:11:09,093] [app] [INFO] Model Yolov5 predict img
[2025-11-21 22:11:09,121] [app] [DEBUG] (3, 224, 224)
[2025-11-21 22:11:09,561] [app] [INFO] ONNXRuntime RCNN predict img crop 
[2025-11-21 22:11:13,020] [app] [INFO] Model Yolov5 predict img
[2025-11-21 22:11:13,024] [app] [DEBUG] (3, 224, 224)
[2025-11-21 22:11:13,481] [app] [INFO] ONNXRuntime RCNN predict img crop 
[2025-11-21 22:19:39,811] [app] [INFO] Running on CPU
[2025-11-21 22:19:39,811] [app] [INFO] Loading suscces model yolov5
[2025-11-21 22:19:43,292] [app] [INFO] -----------  Model Configuration -----------
[2025-11-21 22:19:43,292] [app] [INFO] Model Arch: RCNN
[2025-11-21 22:19:43,292] [app] [INFO] Transform Order: 
[2025-11-21 22:19:43,293] [app] [INFO] --transform op: Resize
[2025-11-21 22:19:43,293] [app] [INFO] --transform op: NormalizeImage
[2025-11-21 22:19:43,293] [app] [INFO] --transform op: Permute
[2025-11-21 22:19:43,293] [app] [INFO] --transform op: PadStride
[2025-11-21 22:19:43,294] [app] [INFO] --------------------------------------------
[2025-11-21 22:19:43,294] [app] [INFO] Loading success RCNN  ....
[2025-11-21 22:19:44,594] [app] [INFO] Model Yolov5 predict img
[2025-11-21 22:19:44,599] [app] [DEBUG] (3, 224, 224)
[2025-11-21 22:19:45,068] [app] [INFO] ONNXRuntime RCNN predict img crop 
[2025-11-21 22:56:40,628] [app] [INFO] Running on CPU
[2025-11-21 22:56:40,628] [app] [INFO] Loading suscces model yolov5
[2025-11-21 22:56:43,992] [app] [INFO] -----------  Model Configuration -----------
[2025-11-21 22:56:43,992] [app] [INFO] Model Arch: RCNN
[2025-11-21 22:56:43,993] [app] [INFO] Transform Order: 
[2025-11-21 22:56:43,993] [app] [INFO] --transform op: Resize
[2025-11-21 22:56:43,993] [app] [INFO] --transform op: NormalizeImage
[2025-11-21 22:56:43,993] [app] [INFO] --transform op: Permute
[2025-11-21 22:56:43,993] [app] [INFO] --transform op: PadStride
[2025-11-21 22:56:43,994] [app] [INFO] --------------------------------------------
[2025-11-21 22:56:43,994] [app] [INFO] Loading success RCNN  ....
[2025-11-21 22:56:45,302] [app] [INFO] Model Yolov5 predict img
[2025-11-21 22:56:45,306] [app] [DEBUG] (3, 224, 224)
[2025-11-21 22:56:45,735] [app] [INFO] ONNXRuntime RCNN predict img crop 
[2025-11-21 22:56:48,229] [app] [INFO] Model Yolov5 predict img
[2025-11-21 22:56:48,233] [app] [DEBUG] (3, 224, 224)
[2025-11-21 22:56:48,713] [app] [INFO] ONNXRuntime RCNN predict img crop 
[2025-11-21 22:56:50,146] [app] [INFO] Model Yolov5 predict img
[2025-11-21 22:56:50,150] [app] [DEBUG] (3, 224, 224)
[2025-11-21 22:56:50,619] [app] [INFO] ONNXRuntime RCNN predict img crop 
[2025-11-21 22:56:52,137] [app] [INFO] Model Yolov5 predict img
[2025-11-21 22:56:52,141] [app] [DEBUG] (3, 224, 192)
[2025-11-21 22:56:52,561] [app] [INFO] ONNXRuntime RCNN predict img crop 
[2025-11-21 23:01:01,915] [app] [INFO] Running on CPU
[2025-11-21 23:01:01,916] [app] [INFO] Loading suscces model yolov5
[2025-11-21 23:01:03,942] [app] [INFO] -----------  Model Configuration -----------
[2025-11-21 23:01:03,943] [app] [INFO] Model Arch: RCNN
[2025-11-21 23:01:03,943] [app] [INFO] Transform Order: 
[2025-11-21 23:01:03,943] [app] [INFO] --transform op: Resize
[2025-11-21 23:01:03,943] [app] [INFO] --transform op: NormalizeImage
[2025-11-21 23:01:03,944] [app] [INFO] --transform op: Permute
[2025-11-21 23:01:03,944] [app] [INFO] --transform op: PadStride
[2025-11-21 23:01:03,944] [app] [INFO] --------------------------------------------
[2025-11-21 23:01:03,945] [app] [INFO] Loading success RCNN  ....
[2025-11-21 23:01:05,165] [app] [INFO] Model Yolov5 predict img
[2025-11-21 23:01:05,169] [app] [DEBUG] (3, 224, 224)
[2025-11-21 23:01:05,557] [app] [INFO] ONNXRuntime RCNN predict img crop 
[2025-11-21 23:01:08,265] [app] [INFO] Model Yolov5 predict img
[2025-11-21 23:01:08,269] [app] [DEBUG] (3, 224, 224)
[2025-11-21 23:01:08,731] [app] [INFO] ONNXRuntime RCNN predict img crop 
[2025-11-21 23:01:10,113] [app] [INFO] Model Yolov5 predict img
[2025-11-21 23:01:10,117] [app] [DEBUG] (3, 224, 224)
[2025-11-21 23:01:10,586] [app] [INFO] ONNXRuntime RCNN predict img crop 
[2025-11-21 23:01:12,170] [app] [INFO] Model Yolov5 predict img
[2025-11-21 23:01:12,173] [app] [DEBUG] (3, 224, 192)
[2025-11-21 23:01:12,589] [app] [INFO] ONNXRuntime RCNN predict img crop 
[2025-11-21 23:03:29,089] [app] [INFO] Running on CPU
[2025-11-21 23:03:29,090] [app] [INFO] Loading suscces model yolov5
[2025-11-21 23:03:32,306] [app] [INFO] -----------  Model Configuration -----------
[2025-11-21 23:03:32,306] [app] [INFO] Model Arch: RCNN
[2025-11-21 23:03:32,307] [app] [INFO] Transform Order: 
[2025-11-21 23:03:32,307] [app] [INFO] --transform op: Resize
[2025-11-21 23:03:32,307] [app] [INFO] --transform op: NormalizeImage
[2025-11-21 23:03:32,308] [app] [INFO] --transform op: Permute
[2025-11-21 23:03:32,308] [app] [INFO] --transform op: PadStride
[2025-11-21 23:03:32,308] [app] [INFO] --------------------------------------------
[2025-11-21 23:03:32,309] [app] [INFO] Loading success RCNN  ....
[2025-11-21 23:03:33,605] [app] [INFO] Model Yolov5 predict img
[2025-11-21 23:03:33,609] [app] [DEBUG] (3, 224, 224)
[2025-11-21 23:03:34,015] [app] [INFO] ONNXRuntime RCNN predict img crop 
[2025-11-21 23:04:00,173] [app] [INFO] Running on CPU
[2025-11-21 23:04:00,173] [app] [INFO] Loading suscces model yolov5
[2025-11-21 23:04:02,481] [app] [INFO] -----------  Model Configuration -----------
[2025-11-21 23:04:02,481] [app] [INFO] Model Arch: RCNN
[2025-11-21 23:04:02,481] [app] [INFO] Transform Order: 
[2025-11-21 23:04:02,482] [app] [INFO] --transform op: Resize
[2025-11-21 23:04:02,482] [app] [INFO] --transform op: NormalizeImage
[2025-11-21 23:04:02,482] [app] [INFO] --transform op: Permute
[2025-11-21 23:04:02,483] [app] [INFO] --transform op: PadStride
[2025-11-21 23:04:02,483] [app] [INFO] --------------------------------------------
[2025-11-21 23:04:02,483] [app] [INFO] Loading success RCNN  ....
[2025-11-21 23:04:03,723] [app] [INFO] Model Yolov5 predict img
[2025-11-21 23:04:03,727] [app] [DEBUG] (3, 224, 224)
[2025-11-21 23:04:04,184] [app] [INFO] ONNXRuntime RCNN predict img crop 
[2025-11-21 23:04:06,806] [app] [INFO] Model Yolov5 predict img
[2025-11-21 23:04:06,811] [app] [DEBUG] (3, 224, 224)
[2025-11-21 23:04:07,257] [app] [INFO] ONNXRuntime RCNN predict img crop 
[2025-11-21 23:04:09,268] [app] [INFO] Model Yolov5 predict img
[2025-11-21 23:04:09,271] [app] [DEBUG] (3, 224, 224)
[2025-11-21 23:04:09,714] [app] [INFO] ONNXRuntime RCNN predict img crop 
[2025-11-21 23:04:11,415] [app] [INFO] Model Yolov5 predict img
[2025-11-21 23:04:11,418] [app] [DEBUG] (3, 224, 192)
[2025-11-21 23:04:11,865] [app] [INFO] ONNXRuntime RCNN predict img crop 
[2025-11-21 23:17:55,360] [app] [INFO] Running on CPU
[2025-11-21 23:17:55,360] [app] [INFO] Loading suscces model yolov5
[2025-11-21 23:17:58,230] [app] [INFO] -----------  Model Configuration -----------
[2025-11-21 23:17:58,231] [app] [INFO] Model Arch: RCNN
[2025-11-21 23:17:58,231] [app] [INFO] Transform Order: 
[2025-11-21 23:17:58,231] [app] [INFO] --transform op: Resize
[2025-11-21 23:17:58,231] [app] [INFO] --transform op: NormalizeImage
[2025-11-21 23:17:58,232] [app] [INFO] --transform op: Permute
[2025-11-21 23:17:58,232] [app] [INFO] --transform op: PadStride
[2025-11-21 23:17:58,232] [app] [INFO] --------------------------------------------
[2025-11-21 23:17:58,233] [app] [INFO] Loading success RCNN  ....
[2025-11-21 23:17:59,456] [app] [INFO] Model Yolov5 predict img
[2025-11-21 23:17:59,460] [app] [DEBUG] (3, 224, 224)
[2025-11-21 23:17:59,911] [app] [INFO] ONNXRuntime RCNN predict img crop 
[2025-11-21 23:18:02,997] [app] [INFO] Model Yolov5 predict img
[2025-11-21 23:18:03,004] [app] [DEBUG] (3, 224, 224)
[2025-11-21 23:18:03,506] [app] [INFO] ONNXRuntime RCNN predict img crop 
[2025-11-21 23:18:04,902] [app] [INFO] Model Yolov5 predict img
[2025-11-21 23:18:04,906] [app] [DEBUG] (3, 224, 224)
[2025-11-21 23:18:05,324] [app] [INFO] ONNXRuntime RCNN predict img crop 
[2025-11-21 23:18:07,069] [app] [INFO] Model Yolov5 predict img
[2025-11-21 23:18:07,073] [app] [DEBUG] (3, 224, 192)
[2025-11-21 23:18:07,512] [app] [INFO] ONNXRuntime RCNN predict img crop 
[2025-11-21 23:26:11,553] [app] [INFO] Running on CPU
[2025-11-21 23:26:11,553] [app] [INFO] Loading suscces model yolov5
[2025-11-21 23:26:14,950] [app] [INFO] -----------  Model Configuration -----------
[2025-11-21 23:26:14,950] [app] [INFO] Model Arch: RCNN
[2025-11-21 23:26:14,950] [app] [INFO] Transform Order: 
[2025-11-21 23:26:14,951] [app] [INFO] --transform op: Resize
[2025-11-21 23:26:14,951] [app] [INFO] --transform op: NormalizeImage
[2025-11-21 23:26:14,951] [app] [INFO] --transform op: Permute
[2025-11-21 23:26:14,951] [app] [INFO] --transform op: PadStride
[2025-11-21 23:26:14,952] [app] [INFO] --------------------------------------------
[2025-11-21 23:26:14,952] [app] [INFO] Loading success RCNN  ....
[2025-11-21 23:26:16,214] [app] [INFO] Model Yolov5 predict img
[2025-11-21 23:26:16,219] [app] [DEBUG] (3, 224, 224)
[2025-11-21 23:26:16,730] [app] [INFO] ONNXRuntime RCNN predict img crop 
[2025-11-21 23:26:19,418] [app] [INFO] Model Yolov5 predict img
[2025-11-21 23:26:19,422] [app] [DEBUG] (3, 224, 224)
[2025-11-21 23:26:19,837] [app] [INFO] ONNXRuntime RCNN predict img crop 
[2025-11-21 23:26:21,437] [app] [INFO] Model Yolov5 predict img
[2025-11-21 23:26:21,440] [app] [DEBUG] (3, 224, 224)
[2025-11-21 23:26:21,890] [app] [INFO] ONNXRuntime RCNN predict img crop 
[2025-11-21 23:26:23,303] [app] [INFO] Model Yolov5 predict img
[2025-11-21 23:26:23,306] [app] [DEBUG] (3, 224, 192)
[2025-11-21 23:26:23,725] [app] [INFO] ONNXRuntime RCNN predict img crop 
[2025-11-21 23:28:29,845] [app] [INFO] Running on CPU
[2025-11-21 23:28:29,846] [app] [INFO] Loading suscces model yolov5
[2025-11-21 23:28:33,175] [app] [INFO] -----------  Model Configuration -----------
[2025-11-21 23:28:33,175] [app] [INFO] Model Arch: RCNN
[2025-11-21 23:28:33,176] [app] [INFO] Transform Order: 
[2025-11-21 23:28:33,176] [app] [INFO] --transform op: Resize
[2025-11-21 23:28:33,176] [app] [INFO] --transform op: NormalizeImage
[2025-11-21 23:28:33,177] [app] [INFO] --transform op: Permute
[2025-11-21 23:28:33,177] [app] [INFO] --transform op: PadStride
[2025-11-21 23:28:33,177] [app] [INFO] --------------------------------------------
[2025-11-21 23:28:33,178] [app] [INFO] Loading success RCNN  ....
[2025-11-21 23:28:34,523] [app] [INFO] Model Yolov5 predict img
[2025-11-21 23:28:34,528] [app] [DEBUG] (3, 224, 224)
[2025-11-21 23:28:34,992] [app] [INFO] ONNXRuntime RCNN predict img crop 
[2025-11-21 23:28:37,582] [app] [INFO] Model Yolov5 predict img
[2025-11-21 23:28:37,586] [app] [DEBUG] (3, 224, 224)
[2025-11-21 23:28:38,059] [app] [INFO] ONNXRuntime RCNN predict img crop 
[2025-11-21 23:28:40,019] [app] [INFO] Model Yolov5 predict img
[2025-11-21 23:28:40,022] [app] [DEBUG] (3, 224, 224)
[2025-11-21 23:28:40,431] [app] [INFO] ONNXRuntime RCNN predict img crop 
[2025-11-21 23:28:41,740] [app] [INFO] Model Yolov5 predict img
[2025-11-21 23:28:41,744] [app] [DEBUG] (3, 224, 192)
[2025-11-21 23:28:42,141] [app] [INFO] ONNXRuntime RCNN predict img crop 
